../Core/Src/main.c:78:17:read_vref_raw	16	static
../Core/Src/main.c:86:13:uart_print	16	static
../Core/Src/main.c:90:13:cli_handle_line	96	static
../Core/Src/main.c:144:5:main	176	static
../Core/Src/main.c:214:6:SystemClock_Config	88	static
../Core/Src/main.c:260:13:MX_ADC1_Init	24	static
../Core/Src/main.c:307:13:MX_USART2_UART_Init	8	static
../Core/Src/main.c:340:13:MX_GPIO_Init	40	static
../Core/Src/main.c:379:6:HAL_UART_RxCpltCallback	24	static
../Core/Src/main.c:415:6:Error_Handler	4	static,ignoring_inline_asm
