../Core/Src/main.c:94:13:tx_rb_push	24	static
../Core/Src/main.c:104:12:tx_rb_pop	16	static
../Core/Src/main.c:111:17:tx_rb_count	4	static
../Core/Src/main.c:116:13:uart_tx_kick	8	static
../Core/Src/main.c:125:13:uart_write	24	static,ignoring_inline_asm
../Core/Src/main.c:136:17:read_vref_raw	16	static
../Core/Src/main.c:144:13:uart_print	16	static
../Core/Src/main.c:148:17:calc_vdda_mv	16	static
../Core/Src/main.c:153:13:cli_handle_line	208	static
../Core/Src/main.c:228:5:main	120	static
../Core/Src/main.c:299:6:SystemClock_Config	88	static
../Core/Src/main.c:345:13:MX_ADC1_Init	24	static
../Core/Src/main.c:392:13:MX_USART2_UART_Init	8	static
../Core/Src/main.c:425:13:MX_GPIO_Init	40	static
../Core/Src/main.c:464:6:HAL_UART_RxCpltCallback	24	static
../Core/Src/main.c:494:6:HAL_UART_TxCpltCallback	16	static
../Core/Src/main.c:511:6:Error_Handler	4	static,ignoring_inline_asm
