../Core/Src/main.c:127:17:cal_crc16	24	static
../Core/Src/main.c:132:17:flash_last_page_addr	16	static
../Core/Src/main.c:138:12:cal_flash_load	32	static
../Core/Src/main.c:152:12:cal_flash_save	72	static
../Core/Src/main.c:198:13:tx_rb_push	24	static
../Core/Src/main.c:208:12:tx_rb_pop	16	static
../Core/Src/main.c:216:17:tx_rb_count	4	static
../Core/Src/main.c:222:13:uart_tx_kick	8	static
../Core/Src/main.c:232:13:stats_reset	4	static
../Core/Src/main.c:237:13:stats_update	48	static
../Core/Src/main.c:249:13:uart_write	24	static,ignoring_inline_asm
../Core/Src/main.c:260:17:read_vref_raw	16	static
../Core/Src/main.c:268:17:read_vref_raw_avg	24	static
../Core/Src/main.c:282:13:uart_print	16	static
../Core/Src/main.c:286:17:calc_vdda_mv	16	static
../Core/Src/main.c:291:13:ld2_load_set	16	static
../Core/Src/main.c:300:13:ld2_load_set_hz	16	static
../Core/Src/main.c:307:13:ld2_load_task	16	static
../Core/Src/main.c:317:13:vrefint_apply_cal	144	static
../Core/Src/main.c:345:13:cli_handle_line	456	static
../Core/Src/main.c:554:5:main	128	static
../Core/Src/main.c:640:6:SystemClock_Config	88	static
../Core/Src/main.c:682:13:MX_ADC1_Init	24	static
../Core/Src/main.c:727:13:MX_USART2_UART_Init	8	static
../Core/Src/main.c:757:13:MX_GPIO_Init	40	static
../Core/Src/main.c:795:6:HAL_UART_RxCpltCallback	24	static
../Core/Src/main.c:823:6:HAL_UART_TxCpltCallback	16	static
../Core/Src/main.c:839:6:Error_Handler	4	static,ignoring_inline_asm
