../Core/Src/main.c:79:17:read_vref_raw	16	static
../Core/Src/main.c:87:13:uart_print	16	static
../Core/Src/main.c:91:13:cli_handle_line	96	static
../Core/Src/main.c:145:5:main	176	static
../Core/Src/main.c:215:6:SystemClock_Config	88	static
../Core/Src/main.c:261:13:MX_ADC1_Init	24	static
../Core/Src/main.c:308:13:MX_USART2_UART_Init	8	static
../Core/Src/main.c:341:13:MX_GPIO_Init	40	static
../Core/Src/main.c:380:6:HAL_UART_RxCpltCallback	24	static
../Core/Src/main.c:417:6:Error_Handler	4	static,ignoring_inline_asm
