../Core/Src/main.c:104:13:tx_rb_push	24	static
../Core/Src/main.c:114:12:tx_rb_pop	16	static
../Core/Src/main.c:122:17:tx_rb_count	4	static
../Core/Src/main.c:128:13:uart_tx_kick	8	static
../Core/Src/main.c:138:13:stats_reset	4	static
../Core/Src/main.c:143:13:stats_update	48	static
../Core/Src/main.c:155:13:uart_write	24	static,ignoring_inline_asm
../Core/Src/main.c:166:17:read_vref_raw	16	static
../Core/Src/main.c:174:17:read_vref_raw_avg	24	static
../Core/Src/main.c:188:13:uart_print	16	static
../Core/Src/main.c:192:17:calc_vdda_mv	16	static
../Core/Src/main.c:198:13:cli_handle_line	440	static
../Core/Src/main.c:340:5:main	120	static
../Core/Src/main.c:415:6:SystemClock_Config	88	static
../Core/Src/main.c:457:13:MX_ADC1_Init	24	static
../Core/Src/main.c:500:13:MX_USART2_UART_Init	8	static
../Core/Src/main.c:530:13:MX_GPIO_Init	40	static
../Core/Src/main.c:568:6:HAL_UART_RxCpltCallback	24	static
../Core/Src/main.c:596:6:HAL_UART_TxCpltCallback	16	static
../Core/Src/main.c:612:6:Error_Handler	4	static,ignoring_inline_asm
