01:39:18 **** Incremental Build of configuration Debug for project uart_vref_logger ****
make -j12 all 
arm-none-eabi-size  uart_vref_logger.elf 
   text	   data	    bss	    dec	    hex	filename
  16240	     96	   2104	  18440	   4808	uart_vref_logger.elf
Finished building: default.size.stdout
 
01:39:26 **** Incremental Build of configuration Debug for project uart_vref_logger ****
make -j12 all 
arm-none-eabi-size  uart_vref_logger.elf 
   text	   data	    bss	    dec	    hex	filename
  16240	     96	   2104	  18440	   4808	uart_vref_logger.elf
Finished building: default.size.stdout
 
